// Jest Snapshot v1, https://goo.gl/fbAQLP

exports[`<AdminMenu /> Should match the snapshot 1`] = `
initialize {
  "0": Object {
    "attribs": Object {
      "class": "MuiPaper-root MuiPaper-elevation1 MuiPaper-rounded",
    },
    "children": Array [
      Object {
        "attribs": Object {
          "class": "MuiBox-root MuiBox-root-2",
        },
        "children": Array [
          Object {
            "attribs": Object {
              "aria-disabled": "false",
              "class": "MuiButtonBase-root MuiButton-root MuiButton-outlined MuiButton-outlinedPrimary",
              "href": "/quiz/edit",
              "role": "button",
              "tabindex": "0",
            },
            "children": Array [
              Object {
                "attribs": Object {
                  "class": "MuiButton-label",
                },
                "children": Array [
                  Object {
                    "data": "Edit Details",
                    "next": null,
                    "parent": [Circular],
                    "prev": null,
                    "type": "text",
                  },
                ],
                "name": "span",
                "namespace": "http://www.w3.org/1999/xhtml",
                "next": null,
                "parent": [Circular],
                "prev": null,
                "type": "tag",
                "x-attribsNamespace": Object {
                  "class": undefined,
                },
                "x-attribsPrefix": Object {
                  "class": undefined,
                },
              },
            ],
            "name": "a",
            "namespace": "http://www.w3.org/1999/xhtml",
            "next": Object {
              "attribs": Object {
                "class": "MuiButtonBase-root MuiButton-root MuiButton-outlined makeStyles-green-1 MuiButton-outlinedPrimary",
                "tabindex": "0",
                "type": "button",
              },
              "children": Array [
                Object {
                  "attribs": Object {
                    "class": "MuiButton-label",
                  },
                  "children": Array [
                    Object {
                      "data": "Add Question",
                      "next": null,
                      "parent": [Circular],
                      "prev": null,
                      "type": "text",
                    },
                  ],
                  "name": "span",
                  "namespace": "http://www.w3.org/1999/xhtml",
                  "next": null,
                  "parent": [Circular],
                  "prev": null,
                  "type": "tag",
                  "x-attribsNamespace": Object {
                    "class": undefined,
                  },
                  "x-attribsPrefix": Object {
                    "class": undefined,
                  },
                },
              ],
              "name": "button",
              "namespace": "http://www.w3.org/1999/xhtml",
              "next": Object {
                "attribs": Object {
                  "class": "MuiButtonBase-root MuiButton-root MuiButton-outlined MuiButton-outlinedPrimary Mui-disabled Mui-disabled",
                  "disabled": "",
                  "tabindex": "-1",
                  "type": "button",
                },
                "children": Array [
                  Object {
                    "attribs": Object {
                      "class": "MuiButton-label",
                    },
                    "children": Array [
                      Object {
                        "data": "Save Quiz",
                        "next": null,
                        "parent": [Circular],
                        "prev": null,
                        "type": "text",
                      },
                    ],
                    "name": "span",
                    "namespace": "http://www.w3.org/1999/xhtml",
                    "next": null,
                    "parent": [Circular],
                    "prev": null,
                    "type": "tag",
                    "x-attribsNamespace": Object {
                      "class": undefined,
                    },
                    "x-attribsPrefix": Object {
                      "class": undefined,
                    },
                  },
                ],
                "name": "button",
                "namespace": "http://www.w3.org/1999/xhtml",
                "next": null,
                "parent": [Circular],
                "prev": [Circular],
                "type": "tag",
                "x-attribsNamespace": Object {
                  "class": undefined,
                  "disabled": undefined,
                  "tabindex": undefined,
                  "type": undefined,
                },
                "x-attribsPrefix": Object {
                  "class": undefined,
                  "disabled": undefined,
                  "tabindex": undefined,
                  "type": undefined,
                },
              },
              "parent": [Circular],
              "prev": [Circular],
              "type": "tag",
              "x-attribsNamespace": Object {
                "class": undefined,
                "tabindex": undefined,
                "type": undefined,
              },
              "x-attribsPrefix": Object {
                "class": undefined,
                "tabindex": undefined,
                "type": undefined,
              },
            },
            "parent": [Circular],
            "prev": null,
            "type": "tag",
            "x-attribsNamespace": Object {
              "aria-disabled": undefined,
              "class": undefined,
              "href": undefined,
              "role": undefined,
              "tabindex": undefined,
            },
            "x-attribsPrefix": Object {
              "aria-disabled": undefined,
              "class": undefined,
              "href": undefined,
              "role": undefined,
              "tabindex": undefined,
            },
          },
          Object {
            "attribs": Object {
              "class": "MuiButtonBase-root MuiButton-root MuiButton-outlined makeStyles-green-1 MuiButton-outlinedPrimary",
              "tabindex": "0",
              "type": "button",
            },
            "children": Array [
              Object {
                "attribs": Object {
                  "class": "MuiButton-label",
                },
                "children": Array [
                  Object {
                    "data": "Add Question",
                    "next": null,
                    "parent": [Circular],
                    "prev": null,
                    "type": "text",
                  },
                ],
                "name": "span",
                "namespace": "http://www.w3.org/1999/xhtml",
                "next": null,
                "parent": [Circular],
                "prev": null,
                "type": "tag",
                "x-attribsNamespace": Object {
                  "class": undefined,
                },
                "x-attribsPrefix": Object {
                  "class": undefined,
                },
              },
            ],
            "name": "button",
            "namespace": "http://www.w3.org/1999/xhtml",
            "next": Object {
              "attribs": Object {
                "class": "MuiButtonBase-root MuiButton-root MuiButton-outlined MuiButton-outlinedPrimary Mui-disabled Mui-disabled",
                "disabled": "",
                "tabindex": "-1",
                "type": "button",
              },
              "children": Array [
                Object {
                  "attribs": Object {
                    "class": "MuiButton-label",
                  },
                  "children": Array [
                    Object {
                      "data": "Save Quiz",
                      "next": null,
                      "parent": [Circular],
                      "prev": null,
                      "type": "text",
                    },
                  ],
                  "name": "span",
                  "namespace": "http://www.w3.org/1999/xhtml",
                  "next": null,
                  "parent": [Circular],
                  "prev": null,
                  "type": "tag",
                  "x-attribsNamespace": Object {
                    "class": undefined,
                  },
                  "x-attribsPrefix": Object {
                    "class": undefined,
                  },
                },
              ],
              "name": "button",
              "namespace": "http://www.w3.org/1999/xhtml",
              "next": null,
              "parent": [Circular],
              "prev": [Circular],
              "type": "tag",
              "x-attribsNamespace": Object {
                "class": undefined,
                "disabled": undefined,
                "tabindex": undefined,
                "type": undefined,
              },
              "x-attribsPrefix": Object {
                "class": undefined,
                "disabled": undefined,
                "tabindex": undefined,
                "type": undefined,
              },
            },
            "parent": [Circular],
            "prev": Object {
              "attribs": Object {
                "aria-disabled": "false",
                "class": "MuiButtonBase-root MuiButton-root MuiButton-outlined MuiButton-outlinedPrimary",
                "href": "/quiz/edit",
                "role": "button",
                "tabindex": "0",
              },
              "children": Array [
                Object {
                  "attribs": Object {
                    "class": "MuiButton-label",
                  },
                  "children": Array [
                    Object {
                      "data": "Edit Details",
                      "next": null,
                      "parent": [Circular],
                      "prev": null,
                      "type": "text",
                    },
                  ],
                  "name": "span",
                  "namespace": "http://www.w3.org/1999/xhtml",
                  "next": null,
                  "parent": [Circular],
                  "prev": null,
                  "type": "tag",
                  "x-attribsNamespace": Object {
                    "class": undefined,
                  },
                  "x-attribsPrefix": Object {
                    "class": undefined,
                  },
                },
              ],
              "name": "a",
              "namespace": "http://www.w3.org/1999/xhtml",
              "next": [Circular],
              "parent": [Circular],
              "prev": null,
              "type": "tag",
              "x-attribsNamespace": Object {
                "aria-disabled": undefined,
                "class": undefined,
                "href": undefined,
                "role": undefined,
                "tabindex": undefined,
              },
              "x-attribsPrefix": Object {
                "aria-disabled": undefined,
                "class": undefined,
                "href": undefined,
                "role": undefined,
                "tabindex": undefined,
              },
            },
            "type": "tag",
            "x-attribsNamespace": Object {
              "class": undefined,
              "tabindex": undefined,
              "type": undefined,
            },
            "x-attribsPrefix": Object {
              "class": undefined,
              "tabindex": undefined,
              "type": undefined,
            },
          },
          Object {
            "attribs": Object {
              "class": "MuiButtonBase-root MuiButton-root MuiButton-outlined MuiButton-outlinedPrimary Mui-disabled Mui-disabled",
              "disabled": "",
              "tabindex": "-1",
              "type": "button",
            },
            "children": Array [
              Object {
                "attribs": Object {
                  "class": "MuiButton-label",
                },
                "children": Array [
                  Object {
                    "data": "Save Quiz",
                    "next": null,
                    "parent": [Circular],
                    "prev": null,
                    "type": "text",
                  },
                ],
                "name": "span",
                "namespace": "http://www.w3.org/1999/xhtml",
                "next": null,
                "parent": [Circular],
                "prev": null,
                "type": "tag",
                "x-attribsNamespace": Object {
                  "class": undefined,
                },
                "x-attribsPrefix": Object {
                  "class": undefined,
                },
              },
            ],
            "name": "button",
            "namespace": "http://www.w3.org/1999/xhtml",
            "next": null,
            "parent": [Circular],
            "prev": Object {
              "attribs": Object {
                "class": "MuiButtonBase-root MuiButton-root MuiButton-outlined makeStyles-green-1 MuiButton-outlinedPrimary",
                "tabindex": "0",
                "type": "button",
              },
              "children": Array [
                Object {
                  "attribs": Object {
                    "class": "MuiButton-label",
                  },
                  "children": Array [
                    Object {
                      "data": "Add Question",
                      "next": null,
                      "parent": [Circular],
                      "prev": null,
                      "type": "text",
                    },
                  ],
                  "name": "span",
                  "namespace": "http://www.w3.org/1999/xhtml",
                  "next": null,
                  "parent": [Circular],
                  "prev": null,
                  "type": "tag",
                  "x-attribsNamespace": Object {
                    "class": undefined,
                  },
                  "x-attribsPrefix": Object {
                    "class": undefined,
                  },
                },
              ],
              "name": "button",
              "namespace": "http://www.w3.org/1999/xhtml",
              "next": [Circular],
              "parent": [Circular],
              "prev": Object {
                "attribs": Object {
                  "aria-disabled": "false",
                  "class": "MuiButtonBase-root MuiButton-root MuiButton-outlined MuiButton-outlinedPrimary",
                  "href": "/quiz/edit",
                  "role": "button",
                  "tabindex": "0",
                },
                "children": Array [
                  Object {
                    "attribs": Object {
                      "class": "MuiButton-label",
                    },
                    "children": Array [
                      Object {
                        "data": "Edit Details",
                        "next": null,
                        "parent": [Circular],
                        "prev": null,
                        "type": "text",
                      },
                    ],
                    "name": "span",
                    "namespace": "http://www.w3.org/1999/xhtml",
                    "next": null,
                    "parent": [Circular],
                    "prev": null,
                    "type": "tag",
                    "x-attribsNamespace": Object {
                      "class": undefined,
                    },
                    "x-attribsPrefix": Object {
                      "class": undefined,
                    },
                  },
                ],
                "name": "a",
                "namespace": "http://www.w3.org/1999/xhtml",
                "next": [Circular],
                "parent": [Circular],
                "prev": null,
                "type": "tag",
                "x-attribsNamespace": Object {
                  "aria-disabled": undefined,
                  "class": undefined,
                  "href": undefined,
                  "role": undefined,
                  "tabindex": undefined,
                },
                "x-attribsPrefix": Object {
                  "aria-disabled": undefined,
                  "class": undefined,
                  "href": undefined,
                  "role": undefined,
                  "tabindex": undefined,
                },
              },
              "type": "tag",
              "x-attribsNamespace": Object {
                "class": undefined,
                "tabindex": undefined,
                "type": undefined,
              },
              "x-attribsPrefix": Object {
                "class": undefined,
                "tabindex": undefined,
                "type": undefined,
              },
            },
            "type": "tag",
            "x-attribsNamespace": Object {
              "class": undefined,
              "disabled": undefined,
              "tabindex": undefined,
              "type": undefined,
            },
            "x-attribsPrefix": Object {
              "class": undefined,
              "disabled": undefined,
              "tabindex": undefined,
              "type": undefined,
            },
          },
        ],
        "name": "div",
        "namespace": "http://www.w3.org/1999/xhtml",
        "next": null,
        "parent": [Circular],
        "prev": null,
        "type": "tag",
        "x-attribsNamespace": Object {
          "class": undefined,
        },
        "x-attribsPrefix": Object {
          "class": undefined,
        },
      },
    ],
    "name": "div",
    "namespace": "http://www.w3.org/1999/xhtml",
    "next": Object {
      "attribs": Object {},
      "children": Array [],
      "name": "div",
      "namespace": "http://www.w3.org/1999/xhtml",
      "next": null,
      "parent": null,
      "prev": [Circular],
      "root": Object {
        "attribs": Object {},
        "children": Array [
          [Circular],
          [Circular],
        ],
        "name": "root",
        "namespace": "http://www.w3.org/1999/xhtml",
        "next": null,
        "parent": null,
        "prev": null,
        "type": "root",
        "x-attribsNamespace": Object {},
        "x-attribsPrefix": Object {},
      },
      "type": "tag",
      "x-attribsNamespace": Object {},
      "x-attribsPrefix": Object {},
    },
    "parent": null,
    "prev": null,
    "root": Object {
      "attribs": Object {},
      "children": Array [
        [Circular],
        Object {
          "attribs": Object {},
          "children": Array [],
          "name": "div",
          "namespace": "http://www.w3.org/1999/xhtml",
          "next": null,
          "parent": null,
          "prev": [Circular],
          "root": [Circular],
          "type": "tag",
          "x-attribsNamespace": Object {},
          "x-attribsPrefix": Object {},
        },
      ],
      "name": "root",
      "namespace": "http://www.w3.org/1999/xhtml",
      "next": null,
      "parent": null,
      "prev": null,
      "type": "root",
      "x-attribsNamespace": Object {},
      "x-attribsPrefix": Object {},
    },
    "type": "tag",
    "x-attribsNamespace": Object {
      "class": undefined,
    },
    "x-attribsPrefix": Object {
      "class": undefined,
    },
  },
  "1": Object {
    "attribs": Object {},
    "children": Array [],
    "name": "div",
    "namespace": "http://www.w3.org/1999/xhtml",
    "next": null,
    "parent": null,
    "prev": Object {
      "attribs": Object {
        "class": "MuiPaper-root MuiPaper-elevation1 MuiPaper-rounded",
      },
      "children": Array [
        Object {
          "attribs": Object {
            "class": "MuiBox-root MuiBox-root-2",
          },
          "children": Array [
            Object {
              "attribs": Object {
                "aria-disabled": "false",
                "class": "MuiButtonBase-root MuiButton-root MuiButton-outlined MuiButton-outlinedPrimary",
                "href": "/quiz/edit",
                "role": "button",
                "tabindex": "0",
              },
              "children": Array [
                Object {
                  "attribs": Object {
                    "class": "MuiButton-label",
                  },
                  "children": Array [
                    Object {
                      "data": "Edit Details",
                      "next": null,
                      "parent": [Circular],
                      "prev": null,
                      "type": "text",
                    },
                  ],
                  "name": "span",
                  "namespace": "http://www.w3.org/1999/xhtml",
                  "next": null,
                  "parent": [Circular],
                  "prev": null,
                  "type": "tag",
                  "x-attribsNamespace": Object {
                    "class": undefined,
                  },
                  "x-attribsPrefix": Object {
                    "class": undefined,
                  },
                },
              ],
              "name": "a",
              "namespace": "http://www.w3.org/1999/xhtml",
              "next": Object {
                "attribs": Object {
                  "class": "MuiButtonBase-root MuiButton-root MuiButton-outlined makeStyles-green-1 MuiButton-outlinedPrimary",
                  "tabindex": "0",
                  "type": "button",
                },
                "children": Array [
                  Object {
                    "attribs": Object {
                      "class": "MuiButton-label",
                    },
                    "children": Array [
                      Object {
                        "data": "Add Question",
                        "next": null,
                        "parent": [Circular],
                        "prev": null,
                        "type": "text",
                      },
                    ],
                    "name": "span",
                    "namespace": "http://www.w3.org/1999/xhtml",
                    "next": null,
                    "parent": [Circular],
                    "prev": null,
                    "type": "tag",
                    "x-attribsNamespace": Object {
                      "class": undefined,
                    },
                    "x-attribsPrefix": Object {
                      "class": undefined,
                    },
                  },
                ],
                "name": "button",
                "namespace": "http://www.w3.org/1999/xhtml",
                "next": Object {
                  "attribs": Object {
                    "class": "MuiButtonBase-root MuiButton-root MuiButton-outlined MuiButton-outlinedPrimary Mui-disabled Mui-disabled",
                    "disabled": "",
                    "tabindex": "-1",
                    "type": "button",
                  },
                  "children": Array [
                    Object {
                      "attribs": Object {
                        "class": "MuiButton-label",
                      },
                      "children": Array [
                        Object {
                          "data": "Save Quiz",
                          "next": null,
                          "parent": [Circular],
                          "prev": null,
                          "type": "text",
                        },
                      ],
                      "name": "span",
                      "namespace": "http://www.w3.org/1999/xhtml",
                      "next": null,
                      "parent": [Circular],
                      "prev": null,
                      "type": "tag",
                      "x-attribsNamespace": Object {
                        "class": undefined,
                      },
                      "x-attribsPrefix": Object {
                        "class": undefined,
                      },
                    },
                  ],
                  "name": "button",
                  "namespace": "http://www.w3.org/1999/xhtml",
                  "next": null,
                  "parent": [Circular],
                  "prev": [Circular],
                  "type": "tag",
                  "x-attribsNamespace": Object {
                    "class": undefined,
                    "disabled": undefined,
                    "tabindex": undefined,
                    "type": undefined,
                  },
                  "x-attribsPrefix": Object {
                    "class": undefined,
                    "disabled": undefined,
                    "tabindex": undefined,
                    "type": undefined,
                  },
                },
                "parent": [Circular],
                "prev": [Circular],
                "type": "tag",
                "x-attribsNamespace": Object {
                  "class": undefined,
                  "tabindex": undefined,
                  "type": undefined,
                },
                "x-attribsPrefix": Object {
                  "class": undefined,
                  "tabindex": undefined,
                  "type": undefined,
                },
              },
              "parent": [Circular],
              "prev": null,
              "type": "tag",
              "x-attribsNamespace": Object {
                "aria-disabled": undefined,
                "class": undefined,
                "href": undefined,
                "role": undefined,
                "tabindex": undefined,
              },
              "x-attribsPrefix": Object {
                "aria-disabled": undefined,
                "class": undefined,
                "href": undefined,
                "role": undefined,
                "tabindex": undefined,
              },
            },
            Object {
              "attribs": Object {
                "class": "MuiButtonBase-root MuiButton-root MuiButton-outlined makeStyles-green-1 MuiButton-outlinedPrimary",
                "tabindex": "0",
                "type": "button",
              },
              "children": Array [
                Object {
                  "attribs": Object {
                    "class": "MuiButton-label",
                  },
                  "children": Array [
                    Object {
                      "data": "Add Question",
                      "next": null,
                      "parent": [Circular],
                      "prev": null,
                      "type": "text",
                    },
                  ],
                  "name": "span",
                  "namespace": "http://www.w3.org/1999/xhtml",
                  "next": null,
                  "parent": [Circular],
                  "prev": null,
                  "type": "tag",
                  "x-attribsNamespace": Object {
                    "class": undefined,
                  },
                  "x-attribsPrefix": Object {
                    "class": undefined,
                  },
                },
              ],
              "name": "button",
              "namespace": "http://www.w3.org/1999/xhtml",
              "next": Object {
                "attribs": Object {
                  "class": "MuiButtonBase-root MuiButton-root MuiButton-outlined MuiButton-outlinedPrimary Mui-disabled Mui-disabled",
                  "disabled": "",
                  "tabindex": "-1",
                  "type": "button",
                },
                "children": Array [
                  Object {
                    "attribs": Object {
                      "class": "MuiButton-label",
                    },
                    "children": Array [
                      Object {
                        "data": "Save Quiz",
                        "next": null,
                        "parent": [Circular],
                        "prev": null,
                        "type": "text",
                      },
                    ],
                    "name": "span",
                    "namespace": "http://www.w3.org/1999/xhtml",
                    "next": null,
                    "parent": [Circular],
                    "prev": null,
                    "type": "tag",
                    "x-attribsNamespace": Object {
                      "class": undefined,
                    },
                    "x-attribsPrefix": Object {
                      "class": undefined,
                    },
                  },
                ],
                "name": "button",
                "namespace": "http://www.w3.org/1999/xhtml",
                "next": null,
                "parent": [Circular],
                "prev": [Circular],
                "type": "tag",
                "x-attribsNamespace": Object {
                  "class": undefined,
                  "disabled": undefined,
                  "tabindex": undefined,
                  "type": undefined,
                },
                "x-attribsPrefix": Object {
                  "class": undefined,
                  "disabled": undefined,
                  "tabindex": undefined,
                  "type": undefined,
                },
              },
              "parent": [Circular],
              "prev": Object {
                "attribs": Object {
                  "aria-disabled": "false",
                  "class": "MuiButtonBase-root MuiButton-root MuiButton-outlined MuiButton-outlinedPrimary",
                  "href": "/quiz/edit",
                  "role": "button",
                  "tabindex": "0",
                },
                "children": Array [
                  Object {
                    "attribs": Object {
                      "class": "MuiButton-label",
                    },
                    "children": Array [
                      Object {
                        "data": "Edit Details",
                        "next": null,
                        "parent": [Circular],
                        "prev": null,
                        "type": "text",
                      },
                    ],
                    "name": "span",
                    "namespace": "http://www.w3.org/1999/xhtml",
                    "next": null,
                    "parent": [Circular],
                    "prev": null,
                    "type": "tag",
                    "x-attribsNamespace": Object {
                      "class": undefined,
                    },
                    "x-attribsPrefix": Object {
                      "class": undefined,
                    },
                  },
                ],
                "name": "a",
                "namespace": "http://www.w3.org/1999/xhtml",
                "next": [Circular],
                "parent": [Circular],
                "prev": null,
                "type": "tag",
                "x-attribsNamespace": Object {
                  "aria-disabled": undefined,
                  "class": undefined,
                  "href": undefined,
                  "role": undefined,
                  "tabindex": undefined,
                },
                "x-attribsPrefix": Object {
                  "aria-disabled": undefined,
                  "class": undefined,
                  "href": undefined,
                  "role": undefined,
                  "tabindex": undefined,
                },
              },
              "type": "tag",
              "x-attribsNamespace": Object {
                "class": undefined,
                "tabindex": undefined,
                "type": undefined,
              },
              "x-attribsPrefix": Object {
                "class": undefined,
                "tabindex": undefined,
                "type": undefined,
              },
            },
            Object {
              "attribs": Object {
                "class": "MuiButtonBase-root MuiButton-root MuiButton-outlined MuiButton-outlinedPrimary Mui-disabled Mui-disabled",
                "disabled": "",
                "tabindex": "-1",
                "type": "button",
              },
              "children": Array [
                Object {
                  "attribs": Object {
                    "class": "MuiButton-label",
                  },
                  "children": Array [
                    Object {
                      "data": "Save Quiz",
                      "next": null,
                      "parent": [Circular],
                      "prev": null,
                      "type": "text",
                    },
                  ],
                  "name": "span",
                  "namespace": "http://www.w3.org/1999/xhtml",
                  "next": null,
                  "parent": [Circular],
                  "prev": null,
                  "type": "tag",
                  "x-attribsNamespace": Object {
                    "class": undefined,
                  },
                  "x-attribsPrefix": Object {
                    "class": undefined,
                  },
                },
              ],
              "name": "button",
              "namespace": "http://www.w3.org/1999/xhtml",
              "next": null,
              "parent": [Circular],
              "prev": Object {
                "attribs": Object {
                  "class": "MuiButtonBase-root MuiButton-root MuiButton-outlined makeStyles-green-1 MuiButton-outlinedPrimary",
                  "tabindex": "0",
                  "type": "button",
                },
                "children": Array [
                  Object {
                    "attribs": Object {
                      "class": "MuiButton-label",
                    },
                    "children": Array [
                      Object {
                        "data": "Add Question",
                        "next": null,
                        "parent": [Circular],
                        "prev": null,
                        "type": "text",
                      },
                    ],
                    "name": "span",
                    "namespace": "http://www.w3.org/1999/xhtml",
                    "next": null,
                    "parent": [Circular],
                    "prev": null,
                    "type": "tag",
                    "x-attribsNamespace": Object {
                      "class": undefined,
                    },
                    "x-attribsPrefix": Object {
                      "class": undefined,
                    },
                  },
                ],
                "name": "button",
                "namespace": "http://www.w3.org/1999/xhtml",
                "next": [Circular],
                "parent": [Circular],
                "prev": Object {
                  "attribs": Object {
                    "aria-disabled": "false",
                    "class": "MuiButtonBase-root MuiButton-root MuiButton-outlined MuiButton-outlinedPrimary",
                    "href": "/quiz/edit",
                    "role": "button",
                    "tabindex": "0",
                  },
                  "children": Array [
                    Object {
                      "attribs": Object {
                        "class": "MuiButton-label",
                      },
                      "children": Array [
                        Object {
                          "data": "Edit Details",
                          "next": null,
                          "parent": [Circular],
                          "prev": null,
                          "type": "text",
                        },
                      ],
                      "name": "span",
                      "namespace": "http://www.w3.org/1999/xhtml",
                      "next": null,
                      "parent": [Circular],
                      "prev": null,
                      "type": "tag",
                      "x-attribsNamespace": Object {
                        "class": undefined,
                      },
                      "x-attribsPrefix": Object {
                        "class": undefined,
                      },
                    },
                  ],
                  "name": "a",
                  "namespace": "http://www.w3.org/1999/xhtml",
                  "next": [Circular],
                  "parent": [Circular],
                  "prev": null,
                  "type": "tag",
                  "x-attribsNamespace": Object {
                    "aria-disabled": undefined,
                    "class": undefined,
                    "href": undefined,
                    "role": undefined,
                    "tabindex": undefined,
                  },
                  "x-attribsPrefix": Object {
                    "aria-disabled": undefined,
                    "class": undefined,
                    "href": undefined,
                    "role": undefined,
                    "tabindex": undefined,
                  },
                },
                "type": "tag",
                "x-attribsNamespace": Object {
                  "class": undefined,
                  "tabindex": undefined,
                  "type": undefined,
                },
                "x-attribsPrefix": Object {
                  "class": undefined,
                  "tabindex": undefined,
                  "type": undefined,
                },
              },
              "type": "tag",
              "x-attribsNamespace": Object {
                "class": undefined,
                "disabled": undefined,
                "tabindex": undefined,
                "type": undefined,
              },
              "x-attribsPrefix": Object {
                "class": undefined,
                "disabled": undefined,
                "tabindex": undefined,
                "type": undefined,
              },
            },
          ],
          "name": "div",
          "namespace": "http://www.w3.org/1999/xhtml",
          "next": null,
          "parent": [Circular],
          "prev": null,
          "type": "tag",
          "x-attribsNamespace": Object {
            "class": undefined,
          },
          "x-attribsPrefix": Object {
            "class": undefined,
          },
        },
      ],
      "name": "div",
      "namespace": "http://www.w3.org/1999/xhtml",
      "next": [Circular],
      "parent": null,
      "prev": null,
      "root": Object {
        "attribs": Object {},
        "children": Array [
          [Circular],
          [Circular],
        ],
        "name": "root",
        "namespace": "http://www.w3.org/1999/xhtml",
        "next": null,
        "parent": null,
        "prev": null,
        "type": "root",
        "x-attribsNamespace": Object {},
        "x-attribsPrefix": Object {},
      },
      "type": "tag",
      "x-attribsNamespace": Object {
        "class": undefined,
      },
      "x-attribsPrefix": Object {
        "class": undefined,
      },
    },
    "root": Object {
      "attribs": Object {},
      "children": Array [
        Object {
          "attribs": Object {
            "class": "MuiPaper-root MuiPaper-elevation1 MuiPaper-rounded",
          },
          "children": Array [
            Object {
              "attribs": Object {
                "class": "MuiBox-root MuiBox-root-2",
              },
              "children": Array [
                Object {
                  "attribs": Object {
                    "aria-disabled": "false",
                    "class": "MuiButtonBase-root MuiButton-root MuiButton-outlined MuiButton-outlinedPrimary",
                    "href": "/quiz/edit",
                    "role": "button",
                    "tabindex": "0",
                  },
                  "children": Array [
                    Object {
                      "attribs": Object {
                        "class": "MuiButton-label",
                      },
                      "children": Array [
                        Object {
                          "data": "Edit Details",
                          "next": null,
                          "parent": [Circular],
                          "prev": null,
                          "type": "text",
                        },
                      ],
                      "name": "span",
                      "namespace": "http://www.w3.org/1999/xhtml",
                      "next": null,
                      "parent": [Circular],
                      "prev": null,
                      "type": "tag",
                      "x-attribsNamespace": Object {
                        "class": undefined,
                      },
                      "x-attribsPrefix": Object {
                        "class": undefined,
                      },
                    },
                  ],
                  "name": "a",
                  "namespace": "http://www.w3.org/1999/xhtml",
                  "next": Object {
                    "attribs": Object {
                      "class": "MuiButtonBase-root MuiButton-root MuiButton-outlined makeStyles-green-1 MuiButton-outlinedPrimary",
                      "tabindex": "0",
                      "type": "button",
                    },
                    "children": Array [
                      Object {
                        "attribs": Object {
                          "class": "MuiButton-label",
                        },
                        "children": Array [
                          Object {
                            "data": "Add Question",
                            "next": null,
                            "parent": [Circular],
                            "prev": null,
                            "type": "text",
                          },
                        ],
                        "name": "span",
                        "namespace": "http://www.w3.org/1999/xhtml",
                        "next": null,
                        "parent": [Circular],
                        "prev": null,
                        "type": "tag",
                        "x-attribsNamespace": Object {
                          "class": undefined,
                        },
                        "x-attribsPrefix": Object {
                          "class": undefined,
                        },
                      },
                    ],
                    "name": "button",
                    "namespace": "http://www.w3.org/1999/xhtml",
                    "next": Object {
                      "attribs": Object {
                        "class": "MuiButtonBase-root MuiButton-root MuiButton-outlined MuiButton-outlinedPrimary Mui-disabled Mui-disabled",
                        "disabled": "",
                        "tabindex": "-1",
                        "type": "button",
                      },
                      "children": Array [
                        Object {
                          "attribs": Object {
                            "class": "MuiButton-label",
                          },
                          "children": Array [
                            Object {
                              "data": "Save Quiz",
                              "next": null,
                              "parent": [Circular],
                              "prev": null,
                              "type": "text",
                            },
                          ],
                          "name": "span",
                          "namespace": "http://www.w3.org/1999/xhtml",
                          "next": null,
                          "parent": [Circular],
                          "prev": null,
                          "type": "tag",
                          "x-attribsNamespace": Object {
                            "class": undefined,
                          },
                          "x-attribsPrefix": Object {
                            "class": undefined,
                          },
                        },
                      ],
                      "name": "button",
                      "namespace": "http://www.w3.org/1999/xhtml",
                      "next": null,
                      "parent": [Circular],
                      "prev": [Circular],
                      "type": "tag",
                      "x-attribsNamespace": Object {
                        "class": undefined,
                        "disabled": undefined,
                        "tabindex": undefined,
                        "type": undefined,
                      },
                      "x-attribsPrefix": Object {
                        "class": undefined,
                        "disabled": undefined,
                        "tabindex": undefined,
                        "type": undefined,
                      },
                    },
                    "parent": [Circular],
                    "prev": [Circular],
                    "type": "tag",
                    "x-attribsNamespace": Object {
                      "class": undefined,
                      "tabindex": undefined,
                      "type": undefined,
                    },
                    "x-attribsPrefix": Object {
                      "class": undefined,
                      "tabindex": undefined,
                      "type": undefined,
                    },
                  },
                  "parent": [Circular],
                  "prev": null,
                  "type": "tag",
                  "x-attribsNamespace": Object {
                    "aria-disabled": undefined,
                    "class": undefined,
                    "href": undefined,
                    "role": undefined,
                    "tabindex": undefined,
                  },
                  "x-attribsPrefix": Object {
                    "aria-disabled": undefined,
                    "class": undefined,
                    "href": undefined,
                    "role": undefined,
                    "tabindex": undefined,
                  },
                },
                Object {
                  "attribs": Object {
                    "class": "MuiButtonBase-root MuiButton-root MuiButton-outlined makeStyles-green-1 MuiButton-outlinedPrimary",
                    "tabindex": "0",
                    "type": "button",
                  },
                  "children": Array [
                    Object {
                      "attribs": Object {
                        "class": "MuiButton-label",
                      },
                      "children": Array [
                        Object {
                          "data": "Add Question",
                          "next": null,
                          "parent": [Circular],
                          "prev": null,
                          "type": "text",
                        },
                      ],
                      "name": "span",
                      "namespace": "http://www.w3.org/1999/xhtml",
                      "next": null,
                      "parent": [Circular],
                      "prev": null,
                      "type": "tag",
                      "x-attribsNamespace": Object {
                        "class": undefined,
                      },
                      "x-attribsPrefix": Object {
                        "class": undefined,
                      },
                    },
                  ],
                  "name": "button",
                  "namespace": "http://www.w3.org/1999/xhtml",
                  "next": Object {
                    "attribs": Object {
                      "class": "MuiButtonBase-root MuiButton-root MuiButton-outlined MuiButton-outlinedPrimary Mui-disabled Mui-disabled",
                      "disabled": "",
                      "tabindex": "-1",
                      "type": "button",
                    },
                    "children": Array [
                      Object {
                        "attribs": Object {
                          "class": "MuiButton-label",
                        },
                        "children": Array [
                          Object {
                            "data": "Save Quiz",
                            "next": null,
                            "parent": [Circular],
                            "prev": null,
                            "type": "text",
                          },
                        ],
                        "name": "span",
                        "namespace": "http://www.w3.org/1999/xhtml",
                        "next": null,
                        "parent": [Circular],
                        "prev": null,
                        "type": "tag",
                        "x-attribsNamespace": Object {
                          "class": undefined,
                        },
                        "x-attribsPrefix": Object {
                          "class": undefined,
                        },
                      },
                    ],
                    "name": "button",
                    "namespace": "http://www.w3.org/1999/xhtml",
                    "next": null,
                    "parent": [Circular],
                    "prev": [Circular],
                    "type": "tag",
                    "x-attribsNamespace": Object {
                      "class": undefined,
                      "disabled": undefined,
                      "tabindex": undefined,
                      "type": undefined,
                    },
                    "x-attribsPrefix": Object {
                      "class": undefined,
                      "disabled": undefined,
                      "tabindex": undefined,
                      "type": undefined,
                    },
                  },
                  "parent": [Circular],
                  "prev": Object {
                    "attribs": Object {
                      "aria-disabled": "false",
                      "class": "MuiButtonBase-root MuiButton-root MuiButton-outlined MuiButton-outlinedPrimary",
                      "href": "/quiz/edit",
                      "role": "button",
                      "tabindex": "0",
                    },
                    "children": Array [
                      Object {
                        "attribs": Object {
                          "class": "MuiButton-label",
                        },
                        "children": Array [
                          Object {
                            "data": "Edit Details",
                            "next": null,
                            "parent": [Circular],
                            "prev": null,
                            "type": "text",
                          },
                        ],
                        "name": "span",
                        "namespace": "http://www.w3.org/1999/xhtml",
                        "next": null,
                        "parent": [Circular],
                        "prev": null,
                        "type": "tag",
                        "x-attribsNamespace": Object {
                          "class": undefined,
                        },
                        "x-attribsPrefix": Object {
                          "class": undefined,
                        },
                      },
                    ],
                    "name": "a",
                    "namespace": "http://www.w3.org/1999/xhtml",
                    "next": [Circular],
                    "parent": [Circular],
                    "prev": null,
                    "type": "tag",
                    "x-attribsNamespace": Object {
                      "aria-disabled": undefined,
                      "class": undefined,
                      "href": undefined,
                      "role": undefined,
                      "tabindex": undefined,
                    },
                    "x-attribsPrefix": Object {
                      "aria-disabled": undefined,
                      "class": undefined,
                      "href": undefined,
                      "role": undefined,
                      "tabindex": undefined,
                    },
                  },
                  "type": "tag",
                  "x-attribsNamespace": Object {
                    "class": undefined,
                    "tabindex": undefined,
                    "type": undefined,
                  },
                  "x-attribsPrefix": Object {
                    "class": undefined,
                    "tabindex": undefined,
                    "type": undefined,
                  },
                },
                Object {
                  "attribs": Object {
                    "class": "MuiButtonBase-root MuiButton-root MuiButton-outlined MuiButton-outlinedPrimary Mui-disabled Mui-disabled",
                    "disabled": "",
                    "tabindex": "-1",
                    "type": "button",
                  },
                  "children": Array [
                    Object {
                      "attribs": Object {
                        "class": "MuiButton-label",
                      },
                      "children": Array [
                        Object {
                          "data": "Save Quiz",
                          "next": null,
                          "parent": [Circular],
                          "prev": null,
                          "type": "text",
                        },
                      ],
                      "name": "span",
                      "namespace": "http://www.w3.org/1999/xhtml",
                      "next": null,
                      "parent": [Circular],
                      "prev": null,
                      "type": "tag",
                      "x-attribsNamespace": Object {
                        "class": undefined,
                      },
                      "x-attribsPrefix": Object {
                        "class": undefined,
                      },
                    },
                  ],
                  "name": "button",
                  "namespace": "http://www.w3.org/1999/xhtml",
                  "next": null,
                  "parent": [Circular],
                  "prev": Object {
                    "attribs": Object {
                      "class": "MuiButtonBase-root MuiButton-root MuiButton-outlined makeStyles-green-1 MuiButton-outlinedPrimary",
                      "tabindex": "0",
                      "type": "button",
                    },
                    "children": Array [
                      Object {
                        "attribs": Object {
                          "class": "MuiButton-label",
                        },
                        "children": Array [
                          Object {
                            "data": "Add Question",
                            "next": null,
                            "parent": [Circular],
                            "prev": null,
                            "type": "text",
                          },
                        ],
                        "name": "span",
                        "namespace": "http://www.w3.org/1999/xhtml",
                        "next": null,
                        "parent": [Circular],
                        "prev": null,
                        "type": "tag",
                        "x-attribsNamespace": Object {
                          "class": undefined,
                        },
                        "x-attribsPrefix": Object {
                          "class": undefined,
                        },
                      },
                    ],
                    "name": "button",
                    "namespace": "http://www.w3.org/1999/xhtml",
                    "next": [Circular],
                    "parent": [Circular],
                    "prev": Object {
                      "attribs": Object {
                        "aria-disabled": "false",
                        "class": "MuiButtonBase-root MuiButton-root MuiButton-outlined MuiButton-outlinedPrimary",
                        "href": "/quiz/edit",
                        "role": "button",
                        "tabindex": "0",
                      },
                      "children": Array [
                        Object {
                          "attribs": Object {
                            "class": "MuiButton-label",
                          },
                          "children": Array [
                            Object {
                              "data": "Edit Details",
                              "next": null,
                              "parent": [Circular],
                              "prev": null,
                              "type": "text",
                            },
                          ],
                          "name": "span",
                          "namespace": "http://www.w3.org/1999/xhtml",
                          "next": null,
                          "parent": [Circular],
                          "prev": null,
                          "type": "tag",
                          "x-attribsNamespace": Object {
                            "class": undefined,
                          },
                          "x-attribsPrefix": Object {
                            "class": undefined,
                          },
                        },
                      ],
                      "name": "a",
                      "namespace": "http://www.w3.org/1999/xhtml",
                      "next": [Circular],
                      "parent": [Circular],
                      "prev": null,
                      "type": "tag",
                      "x-attribsNamespace": Object {
                        "aria-disabled": undefined,
                        "class": undefined,
                        "href": undefined,
                        "role": undefined,
                        "tabindex": undefined,
                      },
                      "x-attribsPrefix": Object {
                        "aria-disabled": undefined,
                        "class": undefined,
                        "href": undefined,
                        "role": undefined,
                        "tabindex": undefined,
                      },
                    },
                    "type": "tag",
                    "x-attribsNamespace": Object {
                      "class": undefined,
                      "tabindex": undefined,
                      "type": undefined,
                    },
                    "x-attribsPrefix": Object {
                      "class": undefined,
                      "tabindex": undefined,
                      "type": undefined,
                    },
                  },
                  "type": "tag",
                  "x-attribsNamespace": Object {
                    "class": undefined,
                    "disabled": undefined,
                    "tabindex": undefined,
                    "type": undefined,
                  },
                  "x-attribsPrefix": Object {
                    "class": undefined,
                    "disabled": undefined,
                    "tabindex": undefined,
                    "type": undefined,
                  },
                },
              ],
              "name": "div",
              "namespace": "http://www.w3.org/1999/xhtml",
              "next": null,
              "parent": [Circular],
              "prev": null,
              "type": "tag",
              "x-attribsNamespace": Object {
                "class": undefined,
              },
              "x-attribsPrefix": Object {
                "class": undefined,
              },
            },
          ],
          "name": "div",
          "namespace": "http://www.w3.org/1999/xhtml",
          "next": [Circular],
          "parent": null,
          "prev": null,
          "root": [Circular],
          "type": "tag",
          "x-attribsNamespace": Object {
            "class": undefined,
          },
          "x-attribsPrefix": Object {
            "class": undefined,
          },
        },
        [Circular],
      ],
      "name": "root",
      "namespace": "http://www.w3.org/1999/xhtml",
      "next": null,
      "parent": null,
      "prev": null,
      "type": "root",
      "x-attribsNamespace": Object {},
      "x-attribsPrefix": Object {},
    },
    "type": "tag",
    "x-attribsNamespace": Object {},
    "x-attribsPrefix": Object {},
  },
  "_root": [Circular],
  "length": 2,
  "options": Object {
    "decodeEntities": true,
    "normalizeWhitespace": false,
    "withDomLvl1": true,
    "xml": false,
  },
}
`;
